pfindOwnInput {"exBudgetCPU":7306417,"exBudgetMemory":14580,"scriptSizeBytes":319}
pgetContinuingOutputs {"exBudgetCPU":15362595,"exBudgetMemory":30186,"scriptSizeBytes":405}
pparseDatum {"exBudgetCPU":7551331,"exBudgetMemory":14706,"scriptSizeBytes":373}