pfindOwnInput {"exBudgetCPU":8741650,"exBudgetMemory":16872,"scriptSizeBytes":329}
pgetContinuingOutputs {"exBudgetCPU":16619190,"exBudgetMemory":31878,"scriptSizeBytes":459}
pparseDatum {"exBudgetCPU":7551331,"exBudgetMemory":14706,"scriptSizeBytes":373}