sop.4wheeler.normal {"exBudgetCPU":1494425,"exBudgetMemory":2760,"scriptSizeBytes":45}
sop.4wheeler.pdatasum {"exBudgetCPU":1494425,"exBudgetMemory":2760,"scriptSizeBytes":45}
sop.2wheeler.normal {"exBudgetCPU":956241,"exBudgetMemory":1896,"scriptSizeBytes":30}
sop.2wheeler.pdatasum {"exBudgetCPU":956241,"exBudgetMemory":1896,"scriptSizeBytes":30}
sop.immovable.normal {"exBudgetCPU":298965,"exBudgetMemory":632,"scriptSizeBytes":12}
sop.immovable.pdatasum {"exBudgetCPU":298965,"exBudgetMemory":632,"scriptSizeBytes":12}
prod.1.normal {"exBudgetCPU":1225333,"exBudgetMemory":2328,"scriptSizeBytes":40}
prod.1.pdatasum {"exBudgetCPU":1225333,"exBudgetMemory":2328,"scriptSizeBytes":40}
prod.2.normal {"exBudgetCPU":1225333,"exBudgetMemory":2328,"scriptSizeBytes":68}
prod.2.datasum {"exBudgetCPU":1225333,"exBudgetMemory":2328,"scriptSizeBytes":68}
enum.PA {"exBudgetCPU":298965,"exBudgetMemory":632,"scriptSizeBytes":12}
enum.PB {"exBudgetCPU":298965,"exBudgetMemory":632,"scriptSizeBytes":12}
pconstant-pcon-rel {"exBudgetCPU":29873,"exBudgetMemory":200,"scriptSizeBytes":22}