sop.4wheeler.normal (program 1.0.0 #d8799f0205182a00ff)
sop.4wheeler.pdatasum (program 1.0.0 #d8799f0205182a00ff)
sop.2wheeler.normal (program 1.0.0 #d87a9f0500ff)
sop.2wheeler.pdatasum (program 1.0.0 #d87a9f0500ff)
sop.immovable.normal (program 1.0.0 #d87b80)
sop.immovable.pdatasum (program 1.0.0 #d87b80)
prod.1.normal (program 1.0.0 #d8799f41ab4141410eff)
prod.1.pdatasum (program 1.0.0 #d8799f41ab4141410eff)
prod.2.normal (program 1.0.0 #d8799fd8799f40ffd87a9fd8799fd8799f41abff00ffffd87b9fd8799fd8799f41daffffffff)
prod.2.datasum (program 1.0.0 #d8799fd8799f40ffd87a9fd8799fd8799f41abff00ffffd87b9fd8799fd8799f41daffffffff)
enum.PA (program 1.0.0 #d87980)
enum.PB (program 1.0.0 #d87a80)
pconstant-pcon-rel (program 1.0.0 #d8799fd87a9f4101ffd87a80ff)