PCredential.derived.true {"exBudgetCPU":2477349,"exBudgetMemory":5930,"scriptSizeBytes":101}
PCredential.derived.false {"exBudgetCPU":2972494,"exBudgetMemory":7132,"scriptSizeBytes":101}
PCredential.pmatch.true {"exBudgetCPU":3438586,"exBudgetMemory":7896,"scriptSizeBytes":137}
PCredential.pmatch.false {"exBudgetCPU":3438586,"exBudgetMemory":7896,"scriptSizeBytes":137}
PCredential.pmatch-pdatarecord.true {"exBudgetCPU":3438586,"exBudgetMemory":7896,"scriptSizeBytes":137}
PCredential.pmatch-pdatarecord.false {"exBudgetCPU":3438586,"exBudgetMemory":7896,"scriptSizeBytes":137}
PTriplet.derived.true {"exBudgetCPU":6200878,"exBudgetMemory":12654,"scriptSizeBytes":158}
PTriplet.derived.false {"exBudgetCPU":6696023,"exBudgetMemory":13856,"scriptSizeBytes":158}
PTriplet.pmatch.true {"exBudgetCPU":6736792,"exBudgetMemory":14454,"scriptSizeBytes":161}
PTriplet.pmatch.false {"exBudgetCPU":7410575,"exBudgetMemory":16256,"scriptSizeBytes":161}
PTriplet.pmatch-pdatarecord.true {"exBudgetCPU":6022240,"exBudgetMemory":12054,"scriptSizeBytes":153}
PTriplet.pmatch-pdatarecord.false {"exBudgetCPU":6517385,"exBudgetMemory":13256,"scriptSizeBytes":153}