PCredential.derived.true.eq {"exBudgetCPU":4542028,"exBudgetMemory":9225,"scriptSizeBytes":91}
PCredential.derived.true.less {"exBudgetCPU":2477349,"exBudgetMemory":5930,"scriptSizeBytes":101}
PCredential.derived.false {"exBudgetCPU":2972494,"exBudgetMemory":7132,"scriptSizeBytes":101}
PCredential.pmatch.true.eq {"exBudgetCPU":4499709,"exBudgetMemory":9225,"scriptSizeBytes":129}
PCredential.pmatch.true.less {"exBudgetCPU":3438586,"exBudgetMemory":7896,"scriptSizeBytes":137}
PCredential.pmatch.false {"exBudgetCPU":3438586,"exBudgetMemory":7896,"scriptSizeBytes":137}
PCredential.pmatch-pdatarecord.true.eq {"exBudgetCPU":4499709,"exBudgetMemory":9225,"scriptSizeBytes":129}
PCredential.pmatch-pdatarecord.true.less {"exBudgetCPU":3438586,"exBudgetMemory":7896,"scriptSizeBytes":137}
PCredential.pmatch-pdatarecord.false {"exBudgetCPU":3438586,"exBudgetMemory":7896,"scriptSizeBytes":137}
PTriplet.derived.true.eq {"exBudgetCPU":8308352,"exBudgetMemory":15949,"scriptSizeBytes":147}
PTriplet.derived.true.less {"exBudgetCPU":6200878,"exBudgetMemory":12654,"scriptSizeBytes":158}
PTriplet.derived.false {"exBudgetCPU":6696023,"exBudgetMemory":13856,"scriptSizeBytes":158}
PTriplet.pmatch.true.eq {"exBudgetCPU":9022904,"exBudgetMemory":18349,"scriptSizeBytes":155}
PTriplet.pmatch.true.less {"exBudgetCPU":6736792,"exBudgetMemory":14454,"scriptSizeBytes":161}
PTriplet.pmatch.false {"exBudgetCPU":7410575,"exBudgetMemory":16256,"scriptSizeBytes":161}
PTriplet.pmatch-pdatarecord.true.eq {"exBudgetCPU":8308352,"exBudgetMemory":15949,"scriptSizeBytes":147}
PTriplet.pmatch-pdatarecord.true.less {"exBudgetCPU":6022240,"exBudgetMemory":12054,"scriptSizeBytes":153}
PTriplet.pmatch-pdatarecord.false {"exBudgetCPU":6517385,"exBudgetMemory":13256,"scriptSizeBytes":153}