matching.typed.newtype.normal {"exBudgetCPU":597830,"exBudgetMemory":1164,"scriptSizeBytes":30}
matching.typed.newtype.datasum {"exBudgetCPU":597830,"exBudgetMemory":1164,"scriptSizeBytes":30}
matching.typed.sumtype(ignore-fields).normal {"exBudgetCPU":1659797,"exBudgetMemory":3798,"scriptSizeBytes":44}
matching.typed.sumtype(ignore-fields).datasum {"exBudgetCPU":1659797,"exBudgetMemory":3798,"scriptSizeBytes":44}
matching.typed.sumtype(partial-match).normal {"exBudgetCPU":1659797,"exBudgetMemory":3798,"scriptSizeBytes":44}
matching.typed.sumtype(partial-match).datasum {"exBudgetCPU":1659797,"exBudgetMemory":3798,"scriptSizeBytes":44}
matching.typed.sumtype(exhaustive).normal.minting {"exBudgetCPU":2739406,"exBudgetMemory":6502,"scriptSizeBytes":83}
matching.typed.sumtype(exhaustive).normal.spending {"exBudgetCPU":1749116,"exBudgetMemory":4098,"scriptSizeBytes":93}
matching.typed.sumtype(exhaustive).normal.rewarding {"exBudgetCPU":2244261,"exBudgetMemory":5300,"scriptSizeBytes":90}
matching.typed.sumtype(exhaustive).normal.certifying {"exBudgetCPU":2739406,"exBudgetMemory":6502,"scriptSizeBytes":85}
matching.typed.sumtype(exhaustive).datasum.minting {"exBudgetCPU":2739406,"exBudgetMemory":6502,"scriptSizeBytes":83}
matching.typed.sumtype(exhaustive).datasum.spending {"exBudgetCPU":1749116,"exBudgetMemory":4098,"scriptSizeBytes":93}
matching.typed.sumtype(exhaustive).datasum.rewarding {"exBudgetCPU":2244261,"exBudgetMemory":5300,"scriptSizeBytes":90}
matching.typed.sumtype(exhaustive).datasum.certifying {"exBudgetCPU":2739406,"exBudgetMemory":6502,"scriptSizeBytes":85}
matching.typed.sumtype(exhaustive)(ignore-fields).normal.minting {"exBudgetCPU":2739406,"exBudgetMemory":6502,"scriptSizeBytes":83}
matching.typed.sumtype(exhaustive)(ignore-fields).normal.spending {"exBudgetCPU":1749116,"exBudgetMemory":4098,"scriptSizeBytes":93}
matching.typed.sumtype(exhaustive)(ignore-fields).normal.rewarding {"exBudgetCPU":2244261,"exBudgetMemory":5300,"scriptSizeBytes":90}
matching.typed.sumtype(exhaustive)(ignore-fields).normal.certifying {"exBudgetCPU":2739406,"exBudgetMemory":6502,"scriptSizeBytes":85}
matching.typed.sumtype(exhaustive)(ignore-fields).datasum.minting {"exBudgetCPU":2739406,"exBudgetMemory":6502,"scriptSizeBytes":83}
matching.typed.sumtype(exhaustive)(ignore-fields).datasum.spending {"exBudgetCPU":1749116,"exBudgetMemory":4098,"scriptSizeBytes":93}
matching.typed.sumtype(exhaustive)(ignore-fields).datasum.rewarding {"exBudgetCPU":2244261,"exBudgetMemory":5300,"scriptSizeBytes":90}
matching.typed.sumtype(exhaustive)(ignore-fields).datasum.certifying {"exBudgetCPU":2739406,"exBudgetMemory":6502,"scriptSizeBytes":85}
matching.raw.newtype {"exBudgetCPU":597830,"exBudgetMemory":1164,"scriptSizeBytes":30}
matching.raw.sumtype(ignore-fields) {"exBudgetCPU":1122748,"exBudgetMemory":2466,"scriptSizeBytes":33}
matching.raw.sumtype(partial-match) {"exBudgetCPU":1481159,"exBudgetMemory":3198,"scriptSizeBytes":39}
matching.raw.sumtype(exhaustive).minting {"exBudgetCPU":2739406,"exBudgetMemory":6502,"scriptSizeBytes":83}
matching.raw.sumtype(exhaustive).spending {"exBudgetCPU":1749116,"exBudgetMemory":4098,"scriptSizeBytes":93}
matching.raw.sumtype(exhaustive).rewarding {"exBudgetCPU":2244261,"exBudgetMemory":5300,"scriptSizeBytes":90}
matching.raw.sumtype(exhaustive).certifying {"exBudgetCPU":2739406,"exBudgetMemory":6502,"scriptSizeBytes":85}
matching.raw.sumtype(exhaustive)(ignore-fields).minting {"exBudgetCPU":2291676,"exBudgetMemory":5470,"scriptSizeBytes":75}
matching.raw.sumtype(exhaustive)(ignore-fields).spending {"exBudgetCPU":1301386,"exBudgetMemory":3066,"scriptSizeBytes":85}
matching.raw.sumtype(exhaustive)(ignore-fields).rewarding {"exBudgetCPU":1796531,"exBudgetMemory":4268,"scriptSizeBytes":82}
matching.raw.sumtype(exhaustive)(ignore-fields).certifying {"exBudgetCPU":2291676,"exBudgetMemory":5470,"scriptSizeBytes":77}
fields.typed.extract-single {"exBudgetCPU":837149,"exBudgetMemory":1496,"scriptSizeBytes":32}
fields.raw.extract-single {"exBudgetCPU":837149,"exBudgetMemory":1496,"scriptSizeBytes":32}
combined.typed.toValidatorHash {"exBudgetCPU":2496846,"exBudgetMemory":5194,"scriptSizeBytes":72}
combined.raw.toValidatorHash {"exBudgetCPU":2108662,"exBudgetMemory":4362,"scriptSizeBytes":67}