matching.typed.newtype.normal (program 1.0.0 [#d8799f41abff, #d87a80])
matching.typed.newtype.datasum (program 1.0.0 [#d8799f41abff, #d87a80])
matching.typed.sumtype(ignore-fields).normal (program 1.0.0 ())
matching.typed.sumtype(ignore-fields).datasum (program 1.0.0 ())
matching.typed.sumtype(partial-match).normal (program 1.0.0 [#40])
matching.typed.sumtype(partial-match).datasum (program 1.0.0 [#40])
matching.typed.sumtype(exhaustive).normal.minting (program 1.0.0 #01)
matching.typed.sumtype(exhaustive).normal.spending (program 1.0.0 #02)
matching.typed.sumtype(exhaustive).normal.rewarding (program 1.0.0 #03)
matching.typed.sumtype(exhaustive).normal.certifying (program 1.0.0 #04)
matching.typed.sumtype(exhaustive).datasum.minting (program 1.0.0 #01)
matching.typed.sumtype(exhaustive).datasum.spending (program 1.0.0 #02)
matching.typed.sumtype(exhaustive).datasum.rewarding (program 1.0.0 #03)
matching.typed.sumtype(exhaustive).datasum.certifying (program 1.0.0 #04)
matching.typed.sumtype(exhaustive)(ignore-fields).normal.minting (program 1.0.0 #01)
matching.typed.sumtype(exhaustive)(ignore-fields).normal.spending (program 1.0.0 #02)
matching.typed.sumtype(exhaustive)(ignore-fields).normal.rewarding (program 1.0.0 #03)
matching.typed.sumtype(exhaustive)(ignore-fields).normal.certifying (program 1.0.0 #04)
matching.typed.sumtype(exhaustive)(ignore-fields).datasum.minting (program 1.0.0 #01)
matching.typed.sumtype(exhaustive)(ignore-fields).datasum.spending (program 1.0.0 #02)
matching.typed.sumtype(exhaustive)(ignore-fields).datasum.rewarding (program 1.0.0 #03)
matching.typed.sumtype(exhaustive)(ignore-fields).datasum.certifying (program 1.0.0 #04)
matching.raw.newtype (program 1.0.0 [#d8799f41abff, #d87a80])
matching.raw.sumtype(ignore-fields) (program 1.0.0 ())
matching.raw.sumtype(partial-match) (program 1.0.0 [#40])
matching.raw.sumtype(exhaustive).minting (program 1.0.0 #01)
matching.raw.sumtype(exhaustive).spending (program 1.0.0 #02)
matching.raw.sumtype(exhaustive).rewarding (program 1.0.0 #03)
matching.raw.sumtype(exhaustive).certifying (program 1.0.0 #04)
matching.raw.sumtype(exhaustive)(ignore-fields).minting (program 1.0.0 #01)
matching.raw.sumtype(exhaustive)(ignore-fields).spending (program 1.0.0 #02)
matching.raw.sumtype(exhaustive)(ignore-fields).rewarding (program 1.0.0 #03)
matching.raw.sumtype(exhaustive)(ignore-fields).certifying (program 1.0.0 #04)
fields.typed.extract-single (program 1.0.0 #d87a9f41abff)
fields.raw.extract-single (program 1.0.0 #d87a9f41abff)
combined.typed.toValidatorHash (program 1.0.0 (\i0 -> \i0 -> i2 (unBData (force headList [#41ab]))))
combined.raw.toValidatorHash (program 1.0.0 (\i0 -> \i0 -> i2 (unBData (force headList (force (force sndPair) ( 1
, [#41ab] ))))))