literal {"exBudgetCPU":29873,"exBudgetMemory":200,"scriptSizeBytes":12}
ops.+ {"exBudgetCPU":31448456,"exBudgetMemory":75595,"scriptSizeBytes":369}
ops.- {"exBudgetCPU":31448456,"exBudgetMemory":75595,"scriptSizeBytes":369}
ops.* {"exBudgetCPU":55368332,"exBudgetMemory":128771,"scriptSizeBytes":413}
ops.harmonic-sum {"exBudgetCPU":82432803,"exBudgetMemory":190449,"scriptSizeBytes":412}
ops.multi-product {"exBudgetCPU":92424824,"exBudgetMemory":216583,"scriptSizeBytes":424}
compare {"exBudgetCPU":26964618,"exBudgetMemory":63677,"scriptSizeBytes":359}
round.5/3 {"exBudgetCPU":17444245,"exBudgetMemory":36449,"scriptSizeBytes":372}
round.4/3 {"exBudgetCPU":15957788,"exBudgetMemory":33346,"scriptSizeBytes":372}
round.-5/2 {"exBudgetCPU":17133763,"exBudgetMemory":35349,"scriptSizeBytes":387}
round.-1/4 {"exBudgetCPU":16184770,"exBudgetMemory":33448,"scriptSizeBytes":387}
truncate.5/4 {"exBudgetCPU":13389327,"exBudgetMemory":30239,"scriptSizeBytes":323}
truncate.7/4 {"exBudgetCPU":14875784,"exBudgetMemory":33342,"scriptSizeBytes":323}
truncate.1/4 {"exBudgetCPU":11902870,"exBudgetMemory":27136,"scriptSizeBytes":323}
truncate.-7/4 {"exBudgetCPU":16905524,"exBudgetMemory":36949,"scriptSizeBytes":337}
properFraction.-1/2 {"exBudgetCPU":40094468,"exBudgetMemory":92624,"scriptSizeBytes":483}
properFraction.-3/2 {"exBudgetCPU":41897226,"exBudgetMemory":96129,"scriptSizeBytes":488}
properFraction.-4/3 {"exBudgetCPU":41897226,"exBudgetMemory":96129,"scriptSizeBytes":488}
data.id.0.5 {"exBudgetCPU":29873,"exBudgetMemory":200,"scriptSizeBytes":12}
data.id.2 {"exBudgetCPU":29873,"exBudgetMemory":200,"scriptSizeBytes":12}
data.id.11/3 {"exBudgetCPU":11885031,"exBudgetMemory":28633,"scriptSizeBytes":277}
div by 0.1/0 {"exBudgetCPU":371921,"exBudgetMemory":136,"scriptSizeBytes":277}
div by 0.recip 0 {"exBudgetCPU":287969,"exBudgetMemory":134,"scriptSizeBytes":71}
div by 0.1/(1-1) {"exBudgetCPU":9198111,"exBudgetMemory":20168,"scriptSizeBytes":346}