record (program 1.0.0 ((\i0 -> (\i0 -> i2 (\i0 -> i2 i2 i1)) (\i0 -> i2 (\i0 -> i2 i2 i1))) (\i0 -> \i0 -> i1 True 12 "Hello, World!") (\i0 -> \i0 -> \i0 -> i2)))
record-field (program 1.0.0 ((\i0 -> (\i0 -> i2 (\i0 -> i2 i2 i1)) (\i0 -> i2 (\i0 -> i2 i2 i1))) (\i0 -> \i0 -> i1 True 12 "Hello, World!") (\i0 -> \i0 -> \i0 -> i2)))
even (program 1.0.0 ((\i0 -> (\i0 -> (\i0 -> (\i0 -> i2 (\i0 -> i2 i2 i1)) (\i0 -> i2 (\i0 -> i2 i2 i1))) (\i0 -> \i0 -> i1 (\i0 -> force (i4 (equalsInteger i1 0) (delay True) (delay (i3 (\i0 -> \i0 -> i1) (subtractInteger i1 1))))) (\i0 -> force (i4 (equalsInteger i1 0) (delay False) (delay (i3 i5 (subtractInteger i1 1)))))) i2) (force ifThenElse)) (\i0 -> \i0 -> i2)))
even.4 (program 1.0.0 ((\i0 -> (\i0 -> (\i0 -> (\i0 -> i2 (\i0 -> i2 i2 i1)) (\i0 -> i2 (\i0 -> i2 i2 i1))) (\i0 -> \i0 -> i1 (\i0 -> force (i4 (equalsInteger i1 0) (delay True) (delay (i3 (\i0 -> \i0 -> i1) (subtractInteger i1 1))))) (\i0 -> force (i4 (equalsInteger i1 0) (delay False) (delay (i3 i5 (subtractInteger i1 1)))))) i2 4) (force ifThenElse)) (\i0 -> \i0 -> i2)))
even.5 (program 1.0.0 ((\i0 -> (\i0 -> (\i0 -> (\i0 -> i2 (\i0 -> i2 i2 i1)) (\i0 -> i2 (\i0 -> i2 i2 i1))) (\i0 -> \i0 -> i1 (\i0 -> force (i4 (equalsInteger i1 0) (delay True) (delay (i3 (\i0 -> \i0 -> i1) (subtractInteger i1 1))))) (\i0 -> force (i4 (equalsInteger i1 0) (delay False) (delay (i3 i5 (subtractInteger i1 1)))))) i2 5) (force ifThenElse)) (\i0 -> \i0 -> i2)))
knownEven (program 1.0.0 ((\i0 -> (\i0 -> (\i0 -> (\i0 -> (\i0 -> i2 (\i0 -> i2 i2 i1)) (\i0 -> i2 (\i0 -> i2 i2 i1))) (\i0 -> \i0 -> i1 (\i0 -> force (i5 (i4 i1) (delay True) (delay (i3 (\i0 -> \i0 -> i1) (subtractInteger i1 1))))) (\i0 -> force (i5 (i4 i1) (delay False) (delay (i3 i6 (subtractInteger i1 1))))))) (\i0 -> equalsInteger i1 4) i2) (force ifThenElse)) (\i0 -> \i0 -> i2)))
knownEven.6 (program 1.0.0 ((\i0 -> (\i0 -> (\i0 -> (\i0 -> (\i0 -> i2 (\i0 -> i2 i2 i1)) (\i0 -> i2 (\i0 -> i2 i2 i1))) (\i0 -> \i0 -> i1 (\i0 -> force (i5 (i4 i1) (delay True) (delay (i3 (\i0 -> \i0 -> i1) (subtractInteger i1 1))))) (\i0 -> force (i5 (i4 i1) (delay False) (delay (i3 i6 (subtractInteger i1 1))))))) (\i0 -> equalsInteger i1 4) i2 6) (force ifThenElse)) (\i0 -> \i0 -> i2)))
knownEven.7 (program 1.0.0 ((\i0 -> (\i0 -> (\i0 -> (\i0 -> (\i0 -> i2 (\i0 -> i2 i2 i1)) (\i0 -> i2 (\i0 -> i2 i2 i1))) (\i0 -> \i0 -> i1 (\i0 -> force (i5 (i4 i1) (delay True) (delay (i3 (\i0 -> \i0 -> i1) (subtractInteger i1 1))))) (\i0 -> force (i5 (i4 i1) (delay False) (delay (i3 i6 (subtractInteger i1 1))))))) (\i0 -> equalsInteger i1 4) i2 7) (force ifThenElse)) (\i0 -> \i0 -> i2)))