flat.reconstr-with-rcon {"exBudgetCPU":119192,"exBudgetMemory":500,"scriptSizeBytes":60}
flat.nested-field-access {"exBudgetCPU":1012382,"exBudgetMemory":3500,"scriptSizeBytes":67}
flat.nested-field-value.direct-access {"exBudgetCPU":1012382,"exBudgetMemory":3500,"scriptSizeBytes":67}
flat.nested-field-value.pmatch {"exBudgetCPU":1012382,"exBudgetMemory":3500,"scriptSizeBytes":67}
flat.nested-field-value.pmatch' {"exBudgetCPU":1012382,"exBudgetMemory":3500,"scriptSizeBytes":67}
flat.nested-field-value.rmatch {"exBudgetCPU":1012382,"exBudgetMemory":3500,"scriptSizeBytes":67}
flat.reconstr-with-pcon {"exBudgetCPU":1012382,"exBudgetMemory":3500,"scriptSizeBytes":85}
flat.reconstr-nested-field-value {"exBudgetCPU":1905572,"exBudgetMemory":6500,"scriptSizeBytes":91}
flat.nested-record-access-term {"exBudgetCPU":1012382,"exBudgetMemory":3500,"scriptSizeBytes":73}
flat.nested-match-term {"exBudgetCPU":1369658,"exBudgetMemory":4700,"scriptSizeBytes":77}
flat.nested-match-value {"exBudgetCPU":1369658,"exBudgetMemory":4700,"scriptSizeBytes":77}
shallow.constr-with-rcon {"exBudgetCPU":119192,"exBudgetMemory":500,"scriptSizeBytes":65}
shallow.nested-field-access {"exBudgetCPU":1012382,"exBudgetMemory":3500,"scriptSizeBytes":73}
shallow.nested-field-value.direct-access {"exBudgetCPU":1012382,"exBudgetMemory":3500,"scriptSizeBytes":73}
shallow.nested-field-value.pmatch {"exBudgetCPU":1012382,"exBudgetMemory":3500,"scriptSizeBytes":73}
shallow.nested-field-value.pmatch' {"exBudgetCPU":1012382,"exBudgetMemory":3500,"scriptSizeBytes":73}
shallow.nested-field-value.rmatch {"exBudgetCPU":1012382,"exBudgetMemory":3500,"scriptSizeBytes":73}
shallow.reconstr-with-pcon {"exBudgetCPU":655106,"exBudgetMemory":2300,"scriptSizeBytes":80}
shallow.reconstr-nested-field-value {"exBudgetCPU":1548296,"exBudgetMemory":5300,"scriptSizeBytes":88}
shallow.nested-record-access-term {"exBudgetCPU":655106,"exBudgetMemory":2300,"scriptSizeBytes":70}
shallow.nested-match-term {"exBudgetCPU":1012382,"exBudgetMemory":3500,"scriptSizeBytes":73}
shallow.nested-match-value {"exBudgetCPU":1012382,"exBudgetMemory":3500,"scriptSizeBytes":73}