constr.pcon (program 1.0.0 (\i0 -> i1 False 6 "Salut, Monde!"))
constr.pcon' (program 1.0.0 (\i0 -> i1 False 6 "Salut, Monde!"))
constr.rcon (program 1.0.0 (\i0 -> i1 False 6 "Salut, Monde!"))
field.access-term (program 1.0.0 ((\i0 -> i1 False 6 "Salut, Monde!") (\i0 -> \i0 -> \i0 -> i2)))
field.value.direct-access (program 1.0.0 ((\i0 -> i1 False 6 "Salut, Monde!") (\i0 -> \i0 -> \i0 -> i2)))
field.value.pmatch (program 1.0.0 ((\i0 -> i1 False 6 "Salut, Monde!") (\i0 -> \i0 -> \i0 -> i1)))
field.value.pmatch' (program 1.0.0 ((\i0 -> i1 False 6 "Salut, Monde!") (\i0 -> \i0 -> \i0 -> i1)))
field.value.rmatch (program 1.0.0 ((\i0 -> i1 False 6 "Salut, Monde!") (\i0 -> \i0 -> \i0 -> i1)))
reconstr.pcon (program 1.0.0 ((\i0 -> i1 False 6 "Salut, Monde!") (\i0 -> \i0 -> \i0 -> \i0 -> i1 i4 i3 i2)))
reconstr.field-access (program 1.0.0 ((\i0 -> i1 False 6 "Salut, Monde!") (\i0 -> \i0 -> \i0 -> \i0 -> i1 i4 i3 i2) (\i0 -> \i0 -> \i0 -> i2)))