flat.reconstr-with-rcon (program 1.0.0 ((\i0 -> \i0 -> i1 False False 6 i2 4 False 9 i2 "Hola, Mundo!") "Salut, Monde!"))
flat.nested-field-access (program 1.0.0 ((\i0 -> (\i0 -> i1 False False 6 i2 4 False 9 i2 "Hola, Mundo!") (\i0 -> \i0 -> \i0 -> \i0 -> \i0 -> \i0 -> \i0 -> \i0 -> \i0 -> i3)) "Salut, Monde!"))
flat.nested-field-value.direct-access (program 1.0.0 ((\i0 -> (\i0 -> i1 False False 6 i2 4 False 9 i2 "Hola, Mundo!") (\i0 -> \i0 -> \i0 -> \i0 -> \i0 -> \i0 -> \i0 -> \i0 -> \i0 -> i3)) "Salut, Monde!"))
flat.nested-field-value.pmatch (program 1.0.0 ((\i0 -> (\i0 -> i1 False False 6 i2 4 False 9 i2 "Hola, Mundo!") (\i0 -> \i0 -> \i0 -> \i0 -> \i0 -> \i0 -> \i0 -> \i0 -> \i0 -> i3)) "Salut, Monde!"))
flat.nested-field-value.pmatch' (program 1.0.0 ((\i0 -> (\i0 -> i1 False False 6 i2 4 False 9 i2 "Hola, Mundo!") (\i0 -> \i0 -> \i0 -> \i0 -> \i0 -> \i0 -> \i0 -> \i0 -> \i0 -> i2)) "Salut, Monde!"))
flat.nested-field-value.rmatch (program 1.0.0 ((\i0 -> (\i0 -> i1 False False 6 i2 4 False 9 i2 "Hola, Mundo!") (\i0 -> \i0 -> \i0 -> \i0 -> \i0 -> \i0 -> \i0 -> \i0 -> \i0 -> i2)) "Salut, Monde!"))
flat.reconstr-with-pcon (program 1.0.0 ((\i0 -> (\i0 -> i1 False False 6 i2 4 False 9 i2 "Hola, Mundo!") (\i0 -> \i0 -> \i0 -> \i0 -> \i0 -> \i0 -> \i0 -> \i0 -> \i0 -> \i0 -> i1 i10 i9 i8 i7 i6 i5 i4 i3 i2)) "Salut, Monde!"))
flat.reconstr-nested-field-value (program 1.0.0 ((\i0 -> (\i0 -> i1 False False 6 i2 4 False 9 i2 "Hola, Mundo!") (\i0 -> \i0 -> \i0 -> \i0 -> \i0 -> \i0 -> \i0 -> \i0 -> \i0 -> \i0 -> i1 i10 i9 i8 i7 i6 i5 i4 i3 i2) (\i0 -> \i0 -> \i0 -> \i0 -> \i0 -> \i0 -> \i0 -> \i0 -> \i0 -> i3)) "Salut, Monde!"))
flat.nested-record-access-term (program 1.0.0 ((\i0 -> (\i0 -> i1 False False 6 i2 4 False 9 i2 "Hola, Mundo!") (\i0 -> \i0 -> \i0 -> \i0 -> \i0 -> \i0 -> \i0 -> \i0 -> \i0 -> \i0 -> i1 i9 i8 i7)) "Salut, Monde!"))
flat.nested-match-term (program 1.0.0 ((\i0 -> (\i0 -> i1 False False 6 i2 4 False 9 i2 "Hola, Mundo!") (\i0 -> \i0 -> \i0 -> \i0 -> \i0 -> \i0 -> \i0 -> \i0 -> \i0 -> (\i0 -> i1 i5 i4 i3) (\i0 -> \i0 -> \i0 -> i1))) "Salut, Monde!"))
flat.nested-match-value (program 1.0.0 ((\i0 -> (\i0 -> i1 False False 6 i2 4 False 9 i2 "Hola, Mundo!") (\i0 -> \i0 -> \i0 -> \i0 -> \i0 -> \i0 -> \i0 -> \i0 -> \i0 -> (\i0 -> i1 i5 i4 i3) (\i0 -> \i0 -> \i0 -> i1))) "Salut, Monde!"))
shallow.constr-with-rcon (program 1.0.0 ((\i0 -> \i0 -> i1 False (\i0 -> i1 False 6 i3) 4 (\i0 -> i1 False 9 i3) "Hola, Mundo!") "Salut, Monde!"))
shallow.nested-field-access (program 1.0.0 ((\i0 -> (\i0 -> i1 False (\i0 -> i1 False 6 i3) 4 (\i0 -> i1 False 9 i3) "Hola, Mundo!") (\i0 -> \i0 -> \i0 -> \i0 -> \i0 -> i2) (\i0 -> \i0 -> \i0 -> i2)) "Salut, Monde!"))
shallow.nested-field-value.direct-access (program 1.0.0 ((\i0 -> (\i0 -> i1 False (\i0 -> i1 False 6 i3) 4 (\i0 -> i1 False 9 i3) "Hola, Mundo!") (\i0 -> \i0 -> \i0 -> \i0 -> \i0 -> i2) (\i0 -> \i0 -> \i0 -> i2)) "Salut, Monde!"))
shallow.nested-field-value.pmatch (program 1.0.0 ((\i0 -> (\i0 -> i1 False (\i0 -> i1 False 6 i3) 4 (\i0 -> i1 False 9 i3) "Hola, Mundo!") (\i0 -> \i0 -> \i0 -> \i0 -> \i0 -> i2 (\i0 -> \i0 -> \i0 -> i2))) "Salut, Monde!"))
shallow.nested-field-value.pmatch' (program 1.0.0 ((\i0 -> (\i0 -> i1 False (\i0 -> i1 False 6 i3) 4 (\i0 -> i1 False 9 i3) "Hola, Mundo!") (\i0 -> \i0 -> \i0 -> \i0 -> \i0 -> i2 (\i0 -> \i0 -> \i0 -> i1))) "Salut, Monde!"))
shallow.nested-field-value.rmatch (program 1.0.0 ((\i0 -> (\i0 -> i1 False (\i0 -> i1 False 6 i3) 4 (\i0 -> i1 False 9 i3) "Hola, Mundo!") (\i0 -> \i0 -> \i0 -> \i0 -> \i0 -> i2 (\i0 -> \i0 -> \i0 -> i1))) "Salut, Monde!"))
shallow.reconstr-with-pcon (program 1.0.0 ((\i0 -> (\i0 -> i1 False (\i0 -> i1 False 6 i3) 4 (\i0 -> i1 False 9 i3) "Hola, Mundo!") (\i0 -> \i0 -> \i0 -> \i0 -> \i0 -> \i0 -> i1 i6 i5 i4 i3 i2)) "Salut, Monde!"))
shallow.reconstr-nested-field-value (program 1.0.0 ((\i0 -> (\i0 -> i1 False (\i0 -> i1 False 6 i3) 4 (\i0 -> i1 False 9 i3) "Hola, Mundo!") (\i0 -> \i0 -> \i0 -> \i0 -> \i0 -> \i0 -> i1 i6 i5 i4 i3 i2) (\i0 -> \i0 -> \i0 -> \i0 -> \i0 -> i2) (\i0 -> \i0 -> \i0 -> i2)) "Salut, Monde!"))
shallow.nested-record-access-term (program 1.0.0 ((\i0 -> (\i0 -> i1 False (\i0 -> i1 False 6 i3) 4 (\i0 -> i1 False 9 i3) "Hola, Mundo!") (\i0 -> \i0 -> \i0 -> \i0 -> \i0 -> i4)) "Salut, Monde!"))
shallow.nested-match-term (program 1.0.0 ((\i0 -> (\i0 -> i1 False (\i0 -> i1 False 6 i3) 4 (\i0 -> i1 False 9 i3) "Hola, Mundo!") (\i0 -> \i0 -> \i0 -> \i0 -> \i0 -> i2 (\i0 -> \i0 -> \i0 -> i1))) "Salut, Monde!"))
shallow.nested-match-value (program 1.0.0 ((\i0 -> (\i0 -> i1 False (\i0 -> i1 False 6 i3) 4 (\i0 -> i1 False 9 i3) "Hola, Mundo!") (\i0 -> \i0 -> \i0 -> \i0 -> \i0 -> i2 (\i0 -> \i0 -> \i0 -> i1))) "Salut, Monde!"))