flat.reconstr-with-rcon (program 1.0.0 (\i0 -> i1 False False 6 "Salut, Monde!" 4 False 9 "Salut, Monde!" "Hola, Mundo!"))
flat.nested-field-access (program 1.0.0 9)
flat.nested-field-value.direct-access (program 1.0.0 9)
flat.nested-field-value.pmatch (program 1.0.0 9)
flat.nested-field-value.pmatch' (program 1.0.0 "Salut, Monde!")
flat.nested-field-value.rmatch (program 1.0.0 "Salut, Monde!")
flat.reconstr-with-pcon (program 1.0.0 (\i0 -> i1 False False 6 "Salut, Monde!" 4 False 9 "Salut, Monde!" "Hola, Mundo!"))
flat.reconstr-nested-field-value (program 1.0.0 9)
flat.nested-record-access-term (program 1.0.0 (\i0 -> i1 False 6 "Salut, Monde!"))
flat.nested-match-term (program 1.0.0 "Salut, Monde!")
flat.nested-match-value (program 1.0.0 "Salut, Monde!")
shallow.constr-with-rcon (program 1.0.0 (\i0 -> i1 False (\i0 -> i1 False 6 "Salut, Monde!") 4 (\i0 -> i1 False 9 "Salut, Monde!") "Hola, Mundo!"))
shallow.nested-field-access (program 1.0.0 9)
shallow.nested-field-value.direct-access (program 1.0.0 9)
shallow.nested-field-value.pmatch (program 1.0.0 9)
shallow.nested-field-value.pmatch' (program 1.0.0 "Salut, Monde!")
shallow.nested-field-value.rmatch (program 1.0.0 "Salut, Monde!")
shallow.reconstr-with-pcon (program 1.0.0 (\i0 -> i1 False (\i0 -> i1 False 6 "Salut, Monde!") 4 (\i0 -> i1 False 9 "Salut, Monde!") "Hola, Mundo!"))
shallow.reconstr-nested-field-value (program 1.0.0 9)
shallow.nested-record-access-term (program 1.0.0 (\i0 -> i1 False 6 "Salut, Monde!"))
shallow.nested-match-term (program 1.0.0 "Salut, Monde!")
shallow.nested-match-value (program 1.0.0 "Salut, Monde!")