constr.pcon (program 1.0.0 (\i0 -> i1 False 6 "Salut, Monde!"))
constr.pcon' (program 1.0.0 (\i0 -> i1 False 6 "Salut, Monde!"))
constr.rcon (program 1.0.0 (\i0 -> i1 False 6 "Salut, Monde!"))
field.access-term (program 1.0.0 6)
field.value.direct-access (program 1.0.0 6)
field.value.pmatch (program 1.0.0 "Salut, Monde!")
field.value.pmatch' (program 1.0.0 "Salut, Monde!")
field.value.rmatch (program 1.0.0 "Salut, Monde!")
reconstr.pcon (program 1.0.0 (\i0 -> i1 False 6 "Salut, Monde!"))
reconstr.field-access (program 1.0.0 6)