rational.1/2 {"exBudgetCPU":24171268,"exBudgetMemory":53478,"scriptSizeBytes":562}